// Jest Snapshot v1, https://jestjs.io/docs/snapshot-testing

exports[`AnthropicChatbotMessage component matches the snapshot 1`] = `
<div>
  <div
    class="MuiBox-root css-0"
  >
    <div
      class="MuiBox-root css-t3yh2f"
    >
      <span
        class="MuiTypography-root MuiTypography-caption css-mpaqru-MuiTypography-root"
      >
        You: 
      </span>
      <span
        class="MuiTypography-root MuiTypography-caption css-mpaqru-MuiTypography-root"
      >
        08/01/2025 12:00 AM
      </span>
    </div>
    <div
      class="MuiBox-root css-0"
    >
      <div
        class="MuiBox-root css-0"
      >
        <div
          class="MuiBox-root css-1yp4ln"
        >
          <div
            class="MuiBox-root css-0"
          >
            <p
              class="MuiTypography-root MuiTypography-body1 css-13f3v65-MuiTypography-root"
            >
              hello, how are you?
            </p>
          </div>
          <button
            class="MuiButtonBase-root MuiIconButton-root MuiIconButton-sizeSmall css-155wbr6-MuiButtonBase-root-MuiIconButton-root"
            tabindex="0"
            type="button"
          >
            <svg
              aria-hidden="true"
              class="MuiSvgIcon-root MuiSvgIcon-colorPrimary MuiSvgIcon-fontSizeSmall css-os5i4q-MuiSvgIcon-root"
              data-testid="ContentCopyIcon"
              focusable="false"
              viewBox="0 0 24 24"
            >
              <path
                d="M16 1H4c-1.1 0-2 .9-2 2v14h2V3h12zm3 4H8c-1.1 0-2 .9-2 2v14c0 1.1.9 2 2 2h11c1.1 0 2-.9 2-2V7c0-1.1-.9-2-2-2m0 16H8V7h11z"
              />
            </svg>
          </button>
        </div>
      </div>
    </div>
  </div>
</div>
`;
